../Inc/SystemClock.h:28:6:SystemClock_config	4	static
../Inc/SystemClock.h:49:10:Get_HCLK_freq	4	static
../Inc/SystemClock.h:59:10:Get_PCLK1_freq	8	static
../Inc/SystemClock.h:70:10:Get_PCLK2_freq	8	static
../Inc/Timer.h:27:6:Timer_init	32	static
../Inc/Timer.h:83:6:Timer_delay_ms	16	static
../Inc/USART.h:21:6:USART_init	32	static
../Inc/USART.h:116:6:USART_transmit	16	static
../Inc/ADC.h:19:6:ADC_Init	16	static
../Inc/ADC.h:83:6:ADC_Start_Polling	16	static
../Inc/ADC.h:95:10:ADC_Read	16	static
../Inc/ADC.h:105:6:ADC_End	16	static
../Inc/ADC.h:116:6:ADC_Start_IT	16	static
../Src/main.c:50:5:main	8	static
../Src/main.c:68:6:ADC_IRQHandler	16	static
