D:/cd/STM32/Project/STM32_Projects/Led_HAL/Drivers/CMSIS/Include/core_cm4.h:2064:26:ITM_SendChar	16	static,ignoring_inline_asm
../Inc/Timer.h:23:6:Timer_init	24	static
../Inc/Timer.h:49:6:Timer_delay_ms	16	static
../Inc/SystemClock.h:16:6:SystemClock_config	4	static
../Inc/USART.h:17:6:USART_init	32	static
../Inc/USART.h:47:6:USART_transmit	16	static
../Inc/ADC.h:16:6:ADC_Init	16	static
../Inc/ADC.h:46:6:ADC_Start_Polling	16	static
../Inc/ADC.h:59:10:ADC_Read	16	static
../Inc/ADC.h:69:6:ADC_End	16	static
../Inc/ADC.h:80:6:ADC_Start_IT	16	static
../Src/main.c:51:5:_write	32	static
../Src/main.c:61:5:main	8	static
../Src/main.c:80:6:GPIO_Init	4	static
../Src/main.c:89:6:ADC_IRQHandler	16	static
