12:47:51 **** Incremental Build of configuration Debug for project ADC_Reg ****
make -j8 all 
arm-none-eabi-gcc "../Src/main.c" -mcpu=cortex-m4 -std=gnu11 -g3 -DDEBUG -DSTM32 -DSTM32F4 -DSTM32F407VETx -c -I../Inc -I"D:/cd/STM32/Project/STM32_Projects/Led_HAL/Drivers/CMSIS/Device/ST/STM32F4xx/Include" -I"D:/cd/STM32/Project/STM32_Projects/Led_HAL/Drivers/CMSIS/Include" -O0 -ffunction-sections -fdata-sections -Wall -fstack-usage -MMD -MP -MF"Src/main.d" -MT"Src/main.o" --specs=nano.specs -mfpu=fpv4-sp-d16 -mfloat-abi=hard -mthumb -o "Src/main.o"
../Src/main.c: In function 'main':
../Src/main.c:64:3: warning: implicit declaration of function 'sprintf' [-Wimplicit-function-declaration]
   64 |   sprintf(result, "adc value = %d\n", ADC_data);
      |   ^~~~~~~
../Src/main.c:64:3: warning: incompatible implicit declaration of built-in function 'sprintf'
../Src/main.c:27:1: note: include '<stdio.h>' or provide a declaration of 'sprintf'
   26 | #include "USART.h"
  +++ |+#include <stdio.h>
   27 | 
../Src/main.c:64:33: warning: format '%d' expects argument of type 'int', but argument 3 has type 'uint32_t' {aka 'long unsigned int'} [-Wformat=]
   64 |   sprintf(result, "adc value = %d\n", ADC_data);
      |                                ~^     ~~~~~~~~
      |                                 |     |
      |                                 int   uint32_t {aka long unsigned int}
      |                                %ld
arm-none-eabi-gcc -o "ADC_Reg.elf" @"objects.list"   -mcpu=cortex-m4 -T"D:\cd\STM32\Project\STM32_Projects\ADC_Reg\STM32F407VETX_FLASH.ld" --specs=nosys.specs -Wl,-Map="ADC_Reg.map" -Wl,--gc-sections -static --specs=nano.specs -mfpu=fpv4-sp-d16 -mfloat-abi=hard -mthumb -Wl,--start-group -lc -lm -Wl,--end-group
Finished building target: ADC_Reg.elf
 
arm-none-eabi-size   ADC_Reg.elf 
arm-none-eabi-objdump -h -S  ADC_Reg.elf  > "ADC_Reg.list"
   text	   data	    bss	    dec	    hex	filename
   4212	    120	   1608	   5940	   1734	ADC_Reg.elf
Finished building: default.size.stdout
 
Finished building: ADC_Reg.list
 

12:47:52 Build Finished. 0 errors, 3 warnings. (took 546ms)

