22:13:18 **** Incremental Build of configuration Debug for project ADC_HAL ****
make -j8 all 
arm-none-eabi-gcc "../Core/Src/main.c" -mcpu=cortex-m4 -std=gnu11 -g3 -DDEBUG -DUSE_HAL_DRIVER -DSTM32F407xx -c -I../Core/Inc -I../Drivers/STM32F4xx_HAL_Driver/Inc -I../Drivers/STM32F4xx_HAL_Driver/Inc/Legacy -I../Drivers/CMSIS/Device/ST/STM32F4xx/Include -I../Drivers/CMSIS/Include -O0 -ffunction-sections -fdata-sections -Wall -fstack-usage -MMD -MP -MF"Core/Src/main.d" -MT"Core/Src/main.o" --specs=nano.specs -mfpu=fpv4-sp-d16 -mfloat-abi=hard -mthumb -o "Core/Src/main.o"
../Core/Src/main.c: In function 'HAL_ADC_ConvCpltCallback':
../Core/Src/main.c:85:3: warning: implicit declaration of function 'printf' [-Wimplicit-function-declaration]
   85 |   printf("ADC Value is %d\n", ADC_value);
      |   ^~~~~~
../Core/Src/main.c:85:3: warning: incompatible implicit declaration of built-in function 'printf'
../Core/Src/main.c:24:1: note: include '<stdio.h>' or provide a declaration of 'printf'
   23 | #include "main.h"
  +++ |+#include <stdio.h>
   24 | 
arm-none-eabi-gcc -o "ADC_HAL.elf" @"objects.list"   -mcpu=cortex-m4 -T"D:\cd\STM32\Project\STM32_Projects\ADC_HAL\STM32F407VETX_FLASH.ld" --specs=nosys.specs -Wl,-Map="ADC_HAL.map" -Wl,--gc-sections -static --specs=nano.specs -mfpu=fpv4-sp-d16 -mfloat-abi=hard -mthumb -Wl,--start-group -lc -lm -Wl,--end-group
Finished building target: ADC_HAL.elf
 
arm-none-eabi-size   ADC_HAL.elf 
arm-none-eabi-objdump -h -S  ADC_HAL.elf  > "ADC_HAL.list"
   text	   data	    bss	    dec	    hex	filename
  12096	    124	   1668	  13888	   3640	ADC_HAL.elf
Finished building: default.size.stdout
 
Finished building: ADC_HAL.list
 

22:13:19 Build Finished. 0 errors, 2 warnings. (took 1s.163ms)

22:13:21 **** Incremental Build of configuration Debug for project ADC_HAL ****
make -j8 all 
arm-none-eabi-size   ADC_HAL.elf 
   text	   data	    bss	    dec	    hex	filename
  12096	    124	   1668	  13888	   3640	ADC_HAL.elf
Finished building: default.size.stdout
 
22:13:52 **** Incremental Build of configuration Debug for project ADC_HAL ****
make -j8 all 
arm-none-eabi-gcc "../Core/Src/main.c" -mcpu=cortex-m4 -std=gnu11 -g3 -DDEBUG -DUSE_HAL_DRIVER -DSTM32F407xx -c -I../Core/Inc -I../Drivers/STM32F4xx_HAL_Driver/Inc -I../Drivers/STM32F4xx_HAL_Driver/Inc/Legacy -I../Drivers/CMSIS/Device/ST/STM32F4xx/Include -I../Drivers/CMSIS/Include -O0 -ffunction-sections -fdata-sections -Wall -fstack-usage -MMD -MP -MF"Core/Src/main.d" -MT"Core/Src/main.o" --specs=nano.specs -mfpu=fpv4-sp-d16 -mfloat-abi=hard -mthumb -o "Core/Src/main.o"
arm-none-eabi-gcc "../Core/Src/stm32f4xx_hal_msp.c" -mcpu=cortex-m4 -std=gnu11 -g3 -DDEBUG -DUSE_HAL_DRIVER -DSTM32F407xx -c -I../Core/Inc -I../Drivers/STM32F4xx_HAL_Driver/Inc -I../Drivers/STM32F4xx_HAL_Driver/Inc/Legacy -I../Drivers/CMSIS/Device/ST/STM32F4xx/Include -I../Drivers/CMSIS/Include -O0 -ffunction-sections -fdata-sections -Wall -fstack-usage -MMD -MP -MF"Core/Src/stm32f4xx_hal_msp.d" -MT"Core/Src/stm32f4xx_hal_msp.o" --specs=nano.specs -mfpu=fpv4-sp-d16 -mfloat-abi=hard -mthumb -o "Core/Src/stm32f4xx_hal_msp.o"
../Core/Src/main.c: In function 'HAL_ADC_ConvCpltCallback':
../Core/Src/main.c:85:3: warning: implicit declaration of function 'printf' [-Wimplicit-function-declaration]
   85 |   printf("ADC Value is %d\n", ADC_value);
      |   ^~~~~~
../Core/Src/main.c:85:3: warning: incompatible implicit declaration of built-in function 'printf'
../Core/Src/main.c:24:1: note: include '<stdio.h>' or provide a declaration of 'printf'
   23 | #include "main.h"
  +++ |+#include <stdio.h>
   24 | 
arm-none-eabi-gcc -o "ADC_HAL.elf" @"objects.list"   -mcpu=cortex-m4 -T"D:\cd\STM32\Project\STM32_Projects\ADC_HAL\STM32F407VETX_FLASH.ld" --specs=nosys.specs -Wl,-Map="ADC_HAL.map" -Wl,--gc-sections -static --specs=nano.specs -mfpu=fpv4-sp-d16 -mfloat-abi=hard -mthumb -Wl,--start-group -lc -lm -Wl,--end-group
Finished building target: ADC_HAL.elf
 
arm-none-eabi-size   ADC_HAL.elf 
arm-none-eabi-objdump -h -S  ADC_HAL.elf  > "ADC_HAL.list"
   text	   data	    bss	    dec	    hex	filename
  12992	    124	   1668	  14784	   39c0	ADC_HAL.elf
Finished building: default.size.stdout
 
Finished building: ADC_HAL.list
 
