22:01:07 **** Incremental Build of configuration Debug for project Led_Reg ****
make -j8 all 
arm-none-eabi-gcc "../Src/main.c" -mcpu=cortex-m4 -std=gnu11 -g3 -DDEBUG -DSTM32 -DSTM32F4 -DSTM32F407VETx -c -I../Inc -I"D:/cd/STM32/Project/STM32_Projects/Led_HAL/Drivers/CMSIS/Device/ST/STM32F4xx/Include" -I"D:/cd/STM32/Project/STM32_Projects/Led_HAL/Drivers/CMSIS/Include" -O0 -ffunction-sections -fdata-sections -Wall -fstack-usage -MMD -MP -MF"Src/main.d" -MT"Src/main.o" --specs=nano.specs -mfpu=fpv4-sp-d16 -mfloat-abi=hard -mthumb -o "Src/main.o"
arm-none-eabi-gcc -o "Led_Reg.elf" @"objects.list"   -mcpu=cortex-m4 -T"D:\cd\STM32\Project\STM32_Projects\Led_Reg\STM32F407VETX_FLASH.ld" --specs=nosys.specs -Wl,-Map="Led_Reg.map" -Wl,--gc-sections -static --specs=nano.specs -mfpu=fpv4-sp-d16 -mfloat-abi=hard -mthumb -Wl,--start-group -lc -lm -Wl,--end-group
Finished building target: Led_Reg.elf
 
arm-none-eabi-size   Led_Reg.elf 
arm-none-eabi-objdump -h -S  Led_Reg.elf  > "Led_Reg.list"
   text	   data	    bss	    dec	    hex	filename
    852	      8	   1568	   2428	    97c	Led_Reg.elf
Finished building: default.size.stdout
 
Finished building: Led_Reg.list
 

22:01:07 Build Finished. 0 errors, 0 warnings. (took 620ms)

