22:24:29 **** Incremental Build of configuration Debug for project Led_HAL ****
make -j8 all 
arm-none-eabi-gcc "../Core/Src/main.c" -mcpu=cortex-m4 -std=gnu11 -g3 -DDEBUG -DUSE_HAL_DRIVER -DSTM32F407xx -c -I../Core/Inc -I../Drivers/STM32F4xx_HAL_Driver/Inc -I../Drivers/STM32F4xx_HAL_Driver/Inc/Legacy -I../Drivers/CMSIS/Device/ST/STM32F4xx/Include -I../Drivers/CMSIS/Include -O0 -ffunction-sections -fdata-sections -Wall -fstack-usage -MMD -MP -MF"Core/Src/main.d" -MT"Core/Src/main.o" --specs=nano.specs -mfpu=fpv4-sp-d16 -mfloat-abi=hard -mthumb -o "Core/Src/main.o"
arm-none-eabi-gcc -o "Led_HAL.elf" @"objects.list"   -mcpu=cortex-m4 -T"D:\cd\STM32\Project\STM32_Projects\Led_HAL\STM32F407VETX_FLASH.ld" --specs=nosys.specs -Wl,-Map="Led_HAL.map" -Wl,--gc-sections -static --specs=nano.specs -mfpu=fpv4-sp-d16 -mfloat-abi=hard -mthumb -Wl,--start-group -lc -lm -Wl,--end-group
Finished building target: Led_HAL.elf
 
arm-none-eabi-size   Led_HAL.elf 
arm-none-eabi-objdump -h -S  Led_HAL.elf  > "Led_HAL.list"
   text	   data	    bss	    dec	    hex	filename
   5832	     20	   1572	   7424	   1d00	Led_HAL.elf
Finished building: default.size.stdout
 
Finished building: Led_HAL.list
 

22:24:29 Build Finished. 0 errors, 0 warnings. (took 684ms)

